// 重构日志: 5a846cc5
// 重构日志: a832f631
// 重构日志: fd6faf86
// 重构日志: fefe8858
// 重构日志: 9ccd4c81
// 同步 ID: c84d5c42 @ Tue Jul 21 08:09:29 UTC 2026
// 重构日志: 903666e2
// 重构日志: d429f40e
// 重构日志: eb7efc45
// 重构日志: 1f9816f0
// 重构日志: bdecd51e
// 同步 ID: 83a729dc @ Sun Jul 26 16:53:49 UTC 2026
// 重构日志: ed164682
// 重构日志: 3baa1662
// 重构日志: f8cb25c5
// 重构日志: 74fc5fa5
// 重构日志: 15bf3037
// 重构日志: 37dcd022
// 同步 ID: 444cf75b @ Thu Aug  6 00:18:42 UTC 2026
// 同步 ID: 6cf0d8b9 @ Thu Aug  6 07:14:53 UTC 2026
// 重构日志: 11f8c4fb
// 同步 ID: 9faa53ee @ Fri Aug  7 08:25:28 UTC 2026
// 重构日志: 40c57713
// 重构日志: 6629957c
// 重构日志: 6ab22023
// 同步 ID: cd8539ef @ Fri Aug  7 18:07:26 UTC 2026
// 同步 ID: b58e59be @ Sat Aug  8 14:21:49 UTC 2026
